24 19
32 86
1072 2062
r= 18.000000, 20.000000
Cost: 74

70 12
11 43
3400 3872
r= 36.000000, 80.000000
Cost: 188

48 77
34 12
6510 1583
r= -11.899119, 208.269344

76 60
29 88
5506 6300
r= 61.000000, 30.000000
Cost: 213

16 75
68 20
17148 13490
r= 120.158996, 223.903766

46 13
33 63
15572 9644
r= 268.442284, 97.686513

21 79
44 32
2433 5147
r= 53.000000, 30.000000
Cost: 189

13 45
36 11
4612 19164
r= 432.750169, -28.159783

28 60
53 22
16217 18514
r= 243.552262, 177.312012

35 12
21 34
4631 17148
r= -216.049041, 580.605544

15 48
60 13
12755 355
r= -53.823091, 226.039106

86 21
11 64
4706 15186
r= 25.438650, 228.934193

53 17
44 81
4451 3294
r= 60.816643, 27.902680

13 43
94 86
2299 2881
r= 25.000000, 21.000000
Cost: 96

74 19
24 76
7178 9259
r= 62.560372, 106.188854

28 67
39 13
10019 17169
r= 239.815029, 84.722543

30 11
44 61
7878 8640
r= 74.589896, 128.188707

97 44
16 60
9823 6460
r= 95.000000, 38.000000
Cost: 323

30 96
94 53
3112 6737
r= 63.000000, 13.000000
Cost: 202

17 51
40 22
7630 8490
r= 103.085234, 146.938776

60 29
13 48
7070 6922
r= 99.630044, 84.015182

25 83
62 13
11211 3085
r= 9.443476, 177.014727

77 11
20 24
7131 1801
r= 83.000000, 37.000000
Cost: 286

12 44
68 22
8684 14092
r= 281.234604, 78.076246

59 16
16 62
19148 17858
r= 264.975897, 219.651382

14 67
74 44
3388 5359
r= 57.000000, 35.000000
Cost: 206

15 44
60 17
10145 16182
r= 334.781971, 85.387841

41 26
18 39
16245 19737
r= 246.055703, 342.039788

78 18
72 99
8592 5031
r= 76.000000, 37.000000
Cost: 265

37 11
40 79
15777 9199
r= 353.774869, 67.183246

22 53
50 12
14676 9212
r= 119.232188, 241.057837

54 81
38 14
1088 5435
r= 82.385013, -88.441860

15 55
53 22
7906 16259
r= 266.071567, 73.866538

28 69
58 18
11098 15851
r= 205.715838, 92.033734

23 61
51 15
5789 17117
r= 284.212581, -14.664497

55 13
39 76
10884 14021
r= 76.331337, 171.430166

16 64
41 15
8377 10591
r= 129.436242, 153.805369

51 78
77 19
9631 6236
r= 59.000000, 86.000000
Cost: 263

18 39
53 20
9001 11458
r= 250.295255, 84.824253

52 70
32 13
19604 2193
r= -118.079284, 804.503836

68 22
25 67
2995 1001
r= 43.844234, 0.543684

47 69
39 18
4025 5595
r= 79.000000, 8.000000
Cost: 245

19 95
25 20
1708 1925
r= 7.000000, 63.000000
Cost: 84

93 31
59 88
9880 7735
r= 65.000000, 65.000000
Cost: 260

22 82
50 26
5002 7258
r= 66.000000, 71.000000
Cost: 269

23 12
17 54
797 8306
r= -94.570328, 174.830443

60 12
14 66
10262 8498
r= 147.236287, 101.987342

97 12
18 39
5116 780
r= 52.000000, 4.000000
Cost: 160

57 12
23 70
14382 5998
r= 233.921917, 45.584814

55 17
12 43
10392 989
r= 201.290143, -56.579824

15 58
74 11
13688 9512
r= 134.073177, 157.795978

66 18
79 80
9011 7660
r= 30.000000, 89.000000
Cost: 179

52 20
38 72
16614 10572
r= 266.243968, 72.876676

62 23
63 90
3542 1847
r= 49.000000, 8.000000
Cost: 155

67 16
19 65
12129 12930
r= 133.970625, 165.945692

29 43
66 13
4534 2310
r= 38.000000, 52.000000
Cost: 166

86 36
40 89
4066 7338
r= 11.000000, 78.000000
Cost: 111

84 25
29 89
7772 3599
r= 87.000000, 16.000000
Cost: 277

13 53
43 19
19353 16657
r= 171.527559, 398.212598

42 19
17 34
2814 3483
r= 33.000000, 84.000000
Cost: 183

35 79
80 11
2875 5811
r= 73.000000, 4.000000
Cost: 223

38 14
25 41
15533 13869
r= 240.172185, 256.258278

60 14
14 38
3774 2652
r= 51.000000, 51.000000
Cost: 204

42 13
22 73
370 7555
r= -50.071942, 112.410072

94 30
36 59
11974 8335
r= 91.000000, 95.000000
Cost: 368

48 13
17 53
17226 13807
r= 291.975463, 188.892811

36 94
53 20
1576 3168
r= 32.000000, 8.000000
Cost: 104

13 41
62 13
5670 10213
r= 235.775811, 42.014749

49 23
16 75
3597 4253
r= 61.000000, 38.000000
Cost: 221

67 32
26 54
9852 18406
r= 19.185930, 329.482412

64 19
18 64
17750 4281
r= 282.083644, -16.852957

91 23
14 33
4480 1751
r= 46.000000, 21.000000
Cost: 159

46 14
12 26
1956 11264
r= -82.015564, 477.392996

59 15
61 64
3283 1756
r= 36.000000, 19.000000
Cost: 127

18 66
38 17
3268 4765
r= 57.000000, 59.000000
Cost: 230

12 89
31 35
761 3500
r= 35.000000, 11.000000
Cost: 116

77 34
23 71
5262 5244
r= 54.000000, 48.000000
Cost: 210

27 11
25 46
9480 900
r= 427.693899, -82.709411

53 96
82 28
6588 3496
r= 16.000000, 70.000000
Cost: 118

91 91
12 53
7616 8764
r= 80.000000, 28.000000
Cost: 268

18 62
90 73
7542 10099
r= 84.000000, 67.000000
Cost: 319

98 43
30 52
6912 5130
r= 54.000000, 54.000000
Cost: 216

33 94
96 28
6855 2590
r= 7.000000, 69.000000
Cost: 90

80 14
18 79
18962 9367
r= 219.082399, 79.744891

25 39
94 44
1877 2107
r= 45.000000, 8.000000
Cost: 143

94 57
32 99
7894 8289
r= 69.000000, 44.000000
Cost: 251

23 51
60 32
10153 5421
r= 0.156627, 169.156627

72 16
26 31
974 393
r= 11.000000, 7.000000

43 57
74 28
6291 3643
r= 31.000000, 67.000000
Cost: 160

52 26
13 95
2912 4996
r= 46.000000, 40.000000
Cost: 178

51 21
21 40
11606 5563
r= 217.271420, 25.007505

17 47
39 20
1239 9144
r= 222.261219, -65.113865

66 48
35 97
2981 6103
r= 16.000000, 55.000000
Cost: 103

44 78
56 27
4604 6138
r= 69.000000, 28.000000
Cost: 235

78 17
28 62
5814 2441
r= 67.000000, 21.000000
Cost: 222

50 12
28 67
11480 11750
r= 146.038487, 149.216987

65 42
38 94
3716 7054
r= 18.000000, 67.000000
Cost: 121

62 12
19 72
7707 16700
r= 56.091596, 222.595845

13 31
62 38
6220 4624
r= 35.243697, 92.932773

56 16
30 94
2978 2474
r= 43.000000, 19.000000
Cost: 148

94 34
28 98
5764 5424
r= 50.000000, 38.000000
Cost: 188

62 11
22 79
14984 3092
r= 239.628866, 5.773196

99 23
59 56
9449 5917
r= 43.000000, 88.000000
Cost: 217

19 42
64 29
8395 5312
r= 45.162845, 117.764155

12 31
37 18
10180 17381
r= 493.938776, 114.938776

29 57
51 12
1838 2289
r= 37.000000, 15.000000

55 22
27 80
4782 2328
r= 84.000000, 6.000000
Cost: 258

85 39
32 66
6870 5718
r= 62.000000, 50.000000
Cost: 236

59 23
36 98
6052 5466
r= 80.000000, 37.000000
Cost: 277

62 24
18 39
10738 13433
r= 89.117825, 289.594159

52 21
15 55
12810 18835
r= 165.825147, 279.139489

21 81
55 13
10967 12335
r= 128.133429, 150.476327

26 54
58 20
17800 12084
r= 132.033691, 247.709035

48 22
38 59
2020 18720
r= -296.683367, 427.915832

38 60
89 16
6495 1912
r= 14.000000, 67.000000
Cost: 109

13 38
43 17
3164 3814
r= 78.000000, 50.000000
Cost: 284

19 79
99 97
2264 4694
r= 41.000000, 15.000000
Cost: 138

55 30
17 48
13997 1718
r= 301.713615, -152.779343

52 17
12 67
13200 13640
r= 219.731707, 147.829268

22 39
49 15
19399 2297
r= -112.860215, 446.569892

19 45
60 31
19412 15586
r= 157.928944, 273.522501

19 37
78 37
3793 2331
r= 19.000000, 44.000000
Cost: 101

80 85
16 73
5792 6546
r= 71.000000, 7.000000
Cost: 220

43 12
39 85
4207 3694
r= 67.000000, 34.000000
Cost: 235

46 82
46 15
9576 8815
r= 84.961064, 123.212849

12 23
34 15
1812 2655
r= 104.800664, 16.305648

54 20
24 67
4622 15596
r= -20.595921, 238.924156

67 17
14 38
9207 18557
r= 39.024263, 470.883882

45 13
25 46
18195 14322
r= 274.452722, 233.785100

34 86
77 15
9920 9632
r= 97.000000, 86.000000
Cost: 377

46 22
34 61
13246 6391
r= 287.032070, 1.250729

69 25
22 70
10124 13980
r= 93.719626, 166.242991

22 97
41 13
4414 3020
r= 18.000000, 98.000000
Cost: 152

13 81
43 43
1722 3082
r= 20.000000, 34.000000
Cost: 94

73 17
35 79
2952 900
r= 39.000000, 3.000000
Cost: 120

61 22
28 62
5420 9566
r= 21.538850, 146.647505

94 89
69 13
5199 1835
r= 12.000000, 59.000000
Cost: 95

49 11
19 77
4403 6557
r= 60.170595, 76.560045

13 35
56 16
5234 3310
r= 58.000000, 80.000000
Cost: 254

31 55
79 31
4261 4285
r= 61.000000, 30.000000
Cost: 213

77 30
12 59
4151 15807
r= 13.202247, 261.202247

24 33
93 30
6117 2049
r= 3.000000, 65.000000
Cost: 74

56 16
28 79
5996 8999
r= 55.762575, 102.617706

36 48
62 22
6140 2848
r= 19.000000, 88.000000
Cost: 145

19 81
92 73
1937 4108
r= 39.000000, 13.000000
Cost: 130

34 43
71 14
8182 2920
r= 36.000000, 98.000000
Cost: 206

88 17
23 76
8572 4232
r= 88.000000, 36.000000
Cost: 300

43 14
48 62
3715 3760
r= 25.000000, 55.000000
Cost: 130

64 31
15 28
4831 3356
r= 64.000000, 49.000000
Cost: 241

20 78
59 16
18135 18436
r= 186.259692, 244.234003

34 82
67 50
7082 10608
r= 94.000000, 58.000000
Cost: 340

27 52
35 16
13420 14496
r= 210.835735, 220.783862

63 16
17 45
11797 7522
r= 157.234101, 111.250098

59 32
22 42
2576 2630
r= 28.372041, 41.002255

72 19
11 65
11493 12456
r= 136.441288, 151.747931

28 50
44 17
3376 4243
r= 75.000000, 29.000000
Cost: 254

12 26
40 15
6240 8820
r= 301.395349, 65.581395

95 90
24 92
3109 8902
r= 11.000000, 86.000000
Cost: 119

54 85
29 13
5304 8153
r= 95.000000, 6.000000

89 30
37 63
4498 3891
r= 31.000000, 47.000000
Cost: 140

64 26
28 65
12672 15304
r= 115.142191, 189.389277

59 13
30 68
2106 11186
r= -53.112093, 174.653782

67 38
15 54
2451 2118
r= 33.000000, 16.000000
Cost: 115

90 64
38 85
8508 9007
r= 73.000000, 51.000000
Cost: 270

15 49
79 66
4691 6873
r= 81.000000, 44.000000
Cost: 287

69 36
30 70
8784 8496
r= 96.000000, 72.000000
Cost: 360

50 27
24 54
13606 12005
r= 217.643275, 113.493177

93 20
60 82
9540 6612
r= 60.000000, 66.000000
Cost: 246

16 37
44 25
11072 4649
r= -58.830619, 273.029316

15 72
67 64
5435 9344
r= 72.000000, 65.000000
Cost: 281

82 20
58 85
7080 4065
r= 63.000000, 33.000000

46 16
25 30
2728 2568
r= 18.000000, 76.000000
Cost: 130

44 21
16 25
9076 7755
r= 134.581152, 197.151832

18 73
65 52
3257 2840
r= 4.000000, 49.000000
Cost: 61

96 88
88 19
8304 3542
r= 26.000000, 66.000000
Cost: 144

43 66
82 34
4003 2286
r= 13.000000, 42.000000
Cost: 81

38 49
56 20
4954 4143
r= 67.000000, 43.000000
Cost: 244

78 13
13 76
5528 13048
r= 43.497829, 164.243792

59 17
20 59
1181 5537
r= -13.072588, 97.614136

47 16
21 52
17705 1120
r= 425.588235, -109.411765

53 80
32 12
12796 12368
r= 125.896050, 191.359667

99 49
49 96
8502 5930
r= 74.000000, 24.000000
Cost: 246

44 11
42 75
4310 1307
r= 94.558140, 3.558140

34 41
35 11
2088 1020
r= 12.000000, 48.000000
Cost: 84

66 34
16 55
7012 10115
r= 72.527544, 139.073882

95 23
31 59
5358 3254
r= 44.000000, 38.000000
Cost: 170

99 60
25 84
7177 11028
r= 48.000000, 97.000000
Cost: 241

50 54
66 14
10886 6258
r= 91.000000, 96.000000
Cost: 369

81 71
19 56
6295 8154
r= 62.000000, 67.000000

42 90
87 11
4329 4189
r= 43.000000, 29.000000
Cost: 158

12 35
91 41
9190 5709
r= 53.000000, 94.000000
Cost: 253

19 63
63 13
13162 5892
r= 53.758732, 192.707684

94 22
57 67
5085 1995
r= 45.000000, 15.000000
Cost: 150

33 57
54 23
4505 10885
r= 208.786115, -44.165589

44 94
97 41
5347 6935
r= 62.000000, 27.000000
Cost: 213

85 32
31 69
4575 2009
r= 52.000000, 5.000000
Cost: 161

25 47
47 11
19108 11486
r= 170.451913, 315.887280

52 20
36 63
7292 7081
r= 80.000000, 87.000000
Cost: 327

16 60
37 12
1666 776
r= 4.299803, 43.167653

87 55
12 65
1536 1660
r= 16.000000, 12.000000
Cost: 60

78 17
12 46
9200 5592
r= 105.229314, 82.676123

70 33
51 91
7679 6901
r= 74.000000, 49.000000
Cost: 271

26 50
41 12
12582 12894
r= 217.301496, 169.077100

64 61
16 95
6640 13586
r= 81.000000, 91.000000
Cost: 334

31 70
58 13
13263 9321
r= 100.683347, 174.858901

19 34
39 14
5655 13370
r= 417.226415, -58.264151

12 98
22 20
1958 5612
r= 44.000000, 65.000000

27 77
57 11
17351 13817
r= 145.823069, 235.329423

15 40
80 56
11650 360
r= -264.237288, 195.169492

15 65
43 15
4148 12300
r= 181.587549, 33.120623

67 20
14 39
13161 11201
r= 152.792542, 208.849979

49 87
87 30
6930 5334
r= 42.000000, 56.000000
Cost: 182

45 23
30 47
11225 10035
r= 158.964912, 135.719298

88 93
13 60
5964 6858
r= 66.000000, 12.000000
Cost: 210

26 16
18 49
15688 1078
r= 759.947262, -226.146045

18 62
32 13
9468 7487
r= 66.571429, 258.428571

58 23
22 41
17842 4467
r= 338.273504, -80.811966

64 30
13 54
7290 19154
r= 47.181344, 328.491846

48 15
20 67
4212 3574
r= 72.264746, 37.164609

34 72
61 20
18848 9472
r= 54.103448, 278.827586

13 67
68 21
3277 5697
r= 74.382209, 33.971048

71 19
23 69
15376 14536
r= 162.845361, 165.825190

28 95
99 81
2060 2911
r= 17.000000, 16.000000
Cost: 67

63 67
99 18
9783 5778
r= 72.000000, 53.000000
Cost: 269

67 31
14 40
7952 15880
r= 42.635797, 363.957257

76 21
11 58
13336 18613
r= 136.161120, 271.614077

41 13
44 71
11068 15033
r= 53.174861, 201.996152

52 12
11 71
14703 12923
r= 253.303371, 139.202247

15 62
63 21
7070 17662
r= 268.514620, 48.290170

54 22
28 59
4372 1446
r= 84.614786, -7.042802

39 16
36 54
15797 3828
r= 467.470588, -67.620915

69 28
15 51
17381 14738
r= 214.701839, 171.104873

62 87
76 12
4348 5628
r= 64.000000, 5.000000
Cost: 197

69 26
37 55
2549 2028
r= 23.000000, 26.000000
Cost: 95

13 62
71 24
8269 18356
r= 270.127139, 67.004890

43 15
28 65
1909 13695
r= -109.210526, 235.894737

98 20
91 82
11683 7522
r= 44.000000, 81.000000
Cost: 213

15 52
40 11
9010 9870
r= 154.407311, 167.347258

59 85
68 28
2809 3767
r= 43.000000, 4.000000
Cost: 133

47 12
19 84
4558 4488
r= 80.000000, 42.000000
Cost: 282

33 82
55 14
17392 15744
r= 153.762846, 223.960474

72 11
80 81
4136 1526
r= 43.000000, 13.000000
Cost: 142

44 70
43 19
10317 6549
r= 39.367065, 199.647654

20 56
37 14
4504 4624
r= 60.285714, 89.142857

83 52
13 37
6478 4477
r= 75.776618, 14.503132

16 64
74 54
4768 5520
r= 39.000000, 56.000000
Cost: 173

33 16
28 48
17063 736
r= 702.830986, -218.943662

58 12
37 84
9214 16484
r= 37.052394, 190.944896

66 26
18 55
8768 16881
r= 56.414295, 280.258697

87 21
68 80
4422 3738
r= 18.000000, 42.000000
Cost: 96

77 18
12 58
7308 5572
r= 84.000000, 70.000000
Cost: 322

12 56
80 38
6432 3860
r= 16.000000, 78.000000

53 11
15 53
10981 19595
r= 108.951589, 347.104387

46 29
17 35
7679 8850
r= 105.922113, 165.093107

24 81
64 13
17472 10578
r= 92.334975, 238.374384

88 69
13 42
1742 2829
r= 13.000000, 46.000000
Cost: 85

32 69
91 29
6884 7486
r= 90.000000, 44.000000
Cost: 314

54 35
21 47
12746 7205
r= 248.339989, -31.636162

39 29
20 67
3081 6357
r= 39.000000, 78.000000
Cost: 195

34 64
49 12
2492 6360
r= 103.275660, -20.803519

73 39
11 45
14329 19055
r= 152.380952, 291.380952

16 40
63 29
17398 1826
r= -189.447471, 324.272374

17 38
62 38
12659 3236
r= -163.982456, 249.140351

21 47
70 40
1421 2247
r= 41.000000, 8.000000
Cost: 131

78 20
23 68
8360 7236
r= 83.000000, 82.000000
Cost: 331

28 61
91 64
3717 4473
r= 45.000000, 27.000000
Cost: 162

72 83
57 14
2736 1913
r= 19.000000, 24.000000
Cost: 81

24 54
50 23
3560 248
r= -32.346369, 86.726257

61 12
21 60
11872 2000
r= 196.690141, -6.004695

85 53
30 62
1310 1726
r= 8.000000, 21.000000
Cost: 45

42 97
99 59
9915 8140
r= 31.000000, 87.000000

23 50
50 13
13729 7516
r= 89.651522, 233.340300

13 27
95 29
8284 3404
r= 38.000000, 82.000000
Cost: 196

88 33
42 75
6990 8013
r= 36.000000, 91.000000
Cost: 199

45 23
21 37
15869 19355
r= 152.874788, 428.077834

11 35
47 14
9187 16573
r= 436.158954, 93.388330

99 29
70 92
5883 6013
r= 17.000000, 60.000000
Cost: 111

29 43
31 15
8625 5987
r= 62.608018, 219.657016

49 39
25 80
1776 2856
r= 24.000000, 24.000000
Cost: 96

27 11
17 46
13003 7114
r= 452.322275, 46.488152

54 14
11 76
16886 4026
r= 313.683544, -4.810127

34 18
16 40
7878 10310
r= 140.074627, 194.716418

14 57
77 15
7826 5595
r= 75.000000, 88.000000
Cost: 313

19 50
70 43
692 16327
r= 414.884085, -102.725680

51 11
27 80
19598 7460
r= 361.200106, 43.584985

86 46
24 95
10030 13499
r= 89.000000, 99.000000

85 61
27 60
8478 8481
r= 81.000000, 59.000000
Cost: 302

16 23
82 30
4332 2888
r= 76.000000, 38.000000
Cost: 266

51 14
18 59
15431 9761
r= 266.496554, 102.204207

19 58
48 15
13183 3940
r= -3.451381, 276.012005

29 99
87 60
6090 7044
r= 36.000000, 58.000000
Cost: 166

34 11
12 40
18710 1065
r= 599.039088, -138.110749

17 46
44 13
4698 3273
r= 46.000000, 89.000000

76 86
59 19
9951 9111
r= 96.000000, 45.000000

12 30
60 44
15416 19276
r= 375.987421, 181.735849

50 14
21 73
2127 7059
r= 2.095352, 96.296782

37 68
55 18
16182 18552
r= 237.177619, 134.662329

16 59
62 32
2728 4554
r= 62.000000, 28.000000
Cost: 214

91 25
56 80
4032 2400
r= 32.000000, 20.000000

54 17
30 69
8828 15418
r= 45.582090, 212.218905

21 47
46 13
4247 3836
r= 64.184754, 63.024352

43 15
20 71
10222 2796
r= 243.313476, -12.023974

50 72
69 19
1047 463
r= 3.000000, 13.000000
Cost: 22

12 47
87 41
6288 5444
r= 60.000000, 64.000000
Cost: 244

27 65
41 17
8972 14008
r= 191.207616, 92.912058

13 60
90 44
2050 3148
r= 40.000000, 17.000000
Cost: 137

19 44
62 39
14606 17376
r= 255.499748, 157.282335

44 73
88 39
10384 7170
r= 48.000000, 94.000000
Cost: 238

17 51
61 26
4865 18025
r= 364.569127, -21.847134

18 58
92 17
8214 2994
r= 27.000000, 84.000000
Cost: 165

61 29
25 51
17234 7118
r= 293.790444, -27.488684

82 39
17 26
5753 3614
r= 60.000000, 49.000000

31 58
48 16
2723 12770
r= 248.860140, -103.993007

11 57
70 15
13033 19721
r= 309.797386, 137.503268

51 28
18 84
3027 8036
r= 29.000000, 86.000000

87 64
12 86
3813 9982
r= 31.000000, 93.000000
Cost: 186

97 94
12 71
4516 7523
r= 40.000000, 53.000000

29 66
67 29
3515 14148
r= 236.241553, -49.791120

54 17
20 39
19206 10999
r= 299.577576, 151.440544

53 31
15 83
2225 5755
r= 25.000000, 60.000000
Cost: 135

Part1: 26546
